[assembly: System.CLSCompliantAttribute(true)]
[assembly: System.Runtime.Versioning.TargetFrameworkAttribute(".NETFramework,Version=v4.5.2", FrameworkDisplayName=".NET Framework 4.5.2")]
namespace NServiceBus_6
{
    public class NLogFactory : NServiceBus_6.Logging.LoggingFactoryDefinition
    {
        public NLogFactory() { }
        protected override NServiceBus_6.Logging.ILoggerFactory GetLoggingFactory() { }
    }
}